<html>
<body>
<pre>
<h1>µVision Build Log</h1>
<h2>Tool Versions:</h2>
IDE-Version: ¦ÌVision V5.25.3.0
Copyright (C) 2018 ARM Ltd and ARM Germany GmbH. All rights reserved.
License Information: aaa Windows Ó, WorkGroup, LIC=TIVNB-22YMJ-UHM8H-WUIFW-JZCPJ-2VW6H
 
Tool Versions:
Toolchain:       MDK-ARM Plus  Version: 5.18
Toolchain Path:  D:\keil\ARM\ARMCC\Bin
C Compiler:      Armcc.exe V5.06 update 1 (build 61)
Assembler:       Armasm.exe V5.06 update 1 (build 61)
Linker/Locator:  ArmLink.exe V5.06 update 1 (build 61)
Library Manager: ArmAr.exe V5.06 update 1 (build 61)
Hex Converter:   FromElf.exe V5.06 update 1 (build 61)
CPU DLL:         SARMCM3.DLL V5.18
Dialog DLL:      DCM.DLL V1.13.6.0
Target DLL:      CMSIS_AGDI.dll V1.25.7.0
Dialog DLL:      TCM.DLL V1.14.8.0
 
<h2>Project:</h2>
D:\DESK\½üÆÚÑ§Ï°\20.standard_robot\MDK-ARM\standard_robot.uvprojx
Project File Date:  12/03/2021

<h2>Output:</h2>
*** Using Compiler 'V5.06 update 1 (build 61)', folder: 'D:\keil\ARM\ARMCC\Bin'
Rebuild target 'standard_robot'
assembling startup_stm32f407xx.s...
compiling adc.c...
compiling crc.c...
compiling can.c...
compiling dma.c...
compiling gpio.c...
compiling freertos.c...
compiling main.c...
compiling i2c.c...
compiling rng.c...
compiling usart.c...
compiling tim.c...
compiling stm32f4xx_it.c...
compiling spi.c...
compiling rtc.c...
compiling stm32f4xx_hal_msp.c...
compiling stm32f4xx_hal_pcd_ex.c...
compiling stm32f4xx_hal_adc_ex.c...
compiling stm32f4xx_hal_adc.c...
compiling stm32f4xx_hal_pcd.c...
compiling stm32f4xx_hal_can.c...
compiling stm32f4xx_ll_usb.c...
compiling stm32f4xx_hal_crc.c...
compiling stm32f4xx_hal_rtc_ex.c...
compiling stm32f4xx_hal_rtc.c...
compiling stm32f4xx_hal_i2c_ex.c...
compiling stm32f4xx_hal_spi.c...
compiling stm32f4xx_hal_i2c.c...
compiling stm32f4xx_hal_rng.c...
compiling stm32f4xx_hal_tim.c...
compiling stm32f4xx_hal_rcc_ex.c...
compiling stm32f4xx_hal_flash.c...
compiling stm32f4xx_hal_tim_ex.c...
compiling stm32f4xx_hal_uart.c...
compiling stm32f4xx_hal_flash_ex.c...
compiling stm32f4xx_hal_rcc.c...
compiling stm32f4xx_hal_flash_ramfunc.c...
compiling stm32f4xx_hal_pwr.c...
compiling stm32f4xx_hal_cortex.c...
compiling stm32f4xx_hal_pwr_ex.c...
compiling stm32f4xx_hal_dma.c...
compiling stm32f4xx_hal_gpio.c...
compiling stm32f4xx_hal_dma_ex.c...
compiling croutine.c...
compiling event_groups.c...
compiling list.c...
compiling stream_buffer.c...
compiling queue.c...
compiling stm32f4xx_hal.c...
compiling tasks.c...
compiling timers.c...
compiling heap_4.c...
compiling port.c...
compiling cmsis_os.c...
compiling stm32f4xx_hal_exti.c...
compiling system_stm32f4xx.c...
compiling bsp_crc32.c...
compiling bsp_buzzer.c...
compiling bsp_adc.c...
compiling bsp_can.c...
compiling bsp_delay.c...
compiling bsp_flash.c...
compiling bsp_fric.c...
compiling bsp_led.c...
compiling bsp_imu_pwm.c...
compiling bsp_i2c.c...
compiling bsp_rc.c...
compiling bsp_laser.c...
compiling calibrate_task.c...
compiling chassis_behaviour.c...
compiling bsp_rng.c...
compiling gimbal_behaviour.c...
compiling bsp_spi.c...
compiling bsp_usart.c...
compiling bsp_servo_pwm.c...
compiling CAN_receive.c...
compiling chassis_power_control.c...
compiling chassis_task.c...
compiling gimbal_task.c...
compiling referee.c...
compiling INS_task.c...
compiling referee_usart_task.c...
compiling remote_control.c...
compiling shoot.c...
compiling ist8310driver.c...
compiling voltage_task.c...
compiling led_flow_task.c...
compiling servo_task.c...
compiling OLED.c...
compiling user_lib.c...
compiling BMI088driver.c...
compiling AHRS_middleware.c...
compiling ist8310driver_middleware.c...
compiling BMI088Middleware.c...
compiling mem_mang4.c...
compiling fifo.c...
compiling CRC8_CRC16.c...
compiling pid.c...
linking...
Program Size: Code=79708 RO-data=3784 RW-data=736 ZI-data=49672  
FromELF: creating hex file...
"standard_tpye_c\standard_tpye_c.axf" - 0 Error(s), 0 Warning(s).

<h2>Software Packages used:</h2>

Package Vendor: ARM
                http://www.keil.com/pack/ARM.CMSIS.4.5.0.pack
                ARM.CMSIS.4.5.0
                CMSIS (Cortex Microcontroller Software Interface Standard)
   * Component: CORE Version: 4.3.0

Package Vendor: Keil
                http://www.keil.com/pack/Keil.STM32F4xx_DFP.1.0.8.pack
                Keil.STM32F4xx_DFP.1.0.8
                STMicroelectronics STM32F4 Series Device Support, Drivers and Examples

<h2>Collection of Component include folders:</h2>
  .\RTE\_standard_robot
  D:\keil\ARM\PACK\ARM\CMSIS\4.5.0\CMSIS\Include
  D:\keil\ARM\PACK\Keil\STM32F4xx_DFP\1.0.8\Device\Include

<h2>Collection of Component Files used:</h2>

   * Component: ARM::CMSIS:CORE:4.3.0
Build Time Elapsed:  00:02:33
</pre>
</body>
</html>
